// Jest Snapshot v1, https://goo.gl/fbAQLP

exports[`renders the SortBy component as expected 1`] = `
<DocumentFragment>
  <div
    class="SortBy"
  >
    <label
      for="sort"
    >
      Sort by
    </label>
    <select
      id="sort"
    >
      <option
        selected=""
        value="latest"
      >
        Latest
      </option>
      <option
        value="low"
      >
        Price: Low
      </option>
      <option
        value="high"
      >
        Price: High
      </option>
    </select>
  </div>
</DocumentFragment>
`;
